23:07:16 **** Incremental Build of configuration Debug for project 002HelloWorld ****
make -j2 all 
arm-none-eabi-gcc "../Src/main.c" -mcpu=cortex-m4 -std=gnu11 -g3 -DSTM32 -DSTM32F4 -DSTM32F446RETx -DDEBUG -c -I../Inc -O0 -ffunction-sections -fdata-sections -Wall -fstack-usage -MMD -MP -MF"Src/main.d" -MT"Src/main.o" --specs=nano.specs -mfloat-abi=soft -mthumb -o "Src/main.o"
arm-none-eabi-gcc -o "002HelloWorld.elf" @"objects.list"   -mcpu=cortex-m4 -T"D:\GitHub\Embeded-C\target\002HelloWorld\STM32F446RETX_FLASH.ld" --specs=nosys.specs -Wl,-Map="002HelloWorld.map" -Wl,--gc-sections -static --specs=nano.specs -mfloat-abi=soft -mthumb -Wl,--start-group -lc -lm -Wl,--end-group
Finished building target: 002HelloWorld.elf
 
arm-none-eabi-objdump -h -S  002HelloWorld.elf  > "002HelloWorld.list"
arm-none-eabi-objcopy  -O binary  002HelloWorld.elf  "002HelloWorld.bin"
Finished building: 002HelloWorld.list
Finished building: 002HelloWorld.bin
 
arm-none-eabi-size   002HelloWorld.elf 
 
   text	   data	    bss	    dec	    hex	filename
   4908	    108	   1580	   6596	   19c4	002HelloWorld.elf
Finished building: default.size.stdout
 

23:07:25 Build Finished. 0 errors, 0 warnings. (took 8s.824ms)

