22:22:20 **** Incremental Build of configuration Debug for project 011keypad4x4 ****
make -j2 all 
arm-none-eabi-gcc "../Src/main.c" -mcpu=cortex-m4 -std=gnu11 -g3 -DSTM32 -DSTM32F4 -DSTM32F446RETx -DDEBUG -c -I../Inc -O0 -ffunction-sections -fdata-sections -Wall -fstack-usage -MMD -MP -MF"Src/main.d" -MT"Src/main.o" --specs=nano.specs -mfpu=fpv4-sp-d16 -mfloat-abi=hard -mthumb -o "Src/main.o"
../Src/main.c:52:4: warning: #warning "FPU is not initialized, but the project is compiling for an FPU. Please initialize the FPU before use." [-Wcpp]
   #warning "FPU is not initialized, but the project is compiling for an FPU. Please initialize the FPU before use."
    ^~~~~~~
../Src/main.c: In function 'main':
../Src/main.c:195:2: warning: this 'for' clause does not guard... [-Wmisleading-indentation]
  for(uint32_t i=0; i<500000; i++);
  ^~~
../Src/main.c:197:3: note: ...this statement, but the latter is misleadingly indented as if it were guarded by the 'for'
   *pPortAOutputReg &=~(1<<5);
   ^
../Src/main.c:216:3: warning: this 'for' clause does not guard... [-Wmisleading-indentation]
   for(uint32_t i=0; i<500000; i++);
   ^~~
../Src/main.c:218:4: note: ...this statement, but the latter is misleadingly indented as if it were guarded by the 'for'
    *pPortAOutputReg &=~(1<<5);
    ^
../Src/main.c:234:4: warning: this 'for' clause does not guard... [-Wmisleading-indentation]
    for(uint32_t i=0; i<500000; i++);
    ^~~
../Src/main.c:236:5: note: ...this statement, but the latter is misleadingly indented as if it were guarded by the 'for'
     *pPortAOutputReg &=~(1<<5);
     ^
arm-none-eabi-gcc -o "011keypad4x4.elf" @"objects.list"   -mcpu=cortex-m4 -T"D:\GitHub\Embeded-C\target\011keypad4x4\STM32F446RETX_FLASH.ld" --specs=nosys.specs -Wl,-Map="011keypad4x4.map" -Wl,--gc-sections -static --specs=nano.specs -mfpu=fpv4-sp-d16 -mfloat-abi=hard -mthumb -Wl,--start-group -lc -lm -Wl,--end-group
Finished building target: 011keypad4x4.elf
 
arm-none-eabi-objdump -h -S  011keypad4x4.elf  > "011keypad4x4.list"
arm-none-eabi-objcopy  -O binary  011keypad4x4.elf  "011keypad4x4.bin"
Finished building: 011keypad4x4.bin
 
arm-none-eabi-size   011keypad4x4.elf 
Finished building: 011keypad4x4.list
   text	   data	    bss	    dec	    hex	filename
   4268	    108	   1580	   5956	   1744	011keypad4x4.elf
 
Finished building: default.size.stdout
 

22:22:22 Build Finished. 0 errors, 4 warnings. (took 1s.930ms)

