16:53:06 **** Build of configuration Debug for project bit_banding ****
make -j2 all 
arm-none-eabi-gcc -mcpu=cortex-m3 -g3 -c -x assembler-with-cpp -MMD -MP -MF"Startup/startup_stm32f103c8tx.d" -MT"Startup/startup_stm32f103c8tx.o" --specs=nano.specs -mfloat-abi=soft -mthumb -o "Startup/startup_stm32f103c8tx.o" "../Startup/startup_stm32f103c8tx.s"
arm-none-eabi-gcc "../Src/main.c" -mcpu=cortex-m3 -std=gnu11 -g3 -DSTM32 -DSTM32F1 -DSTM32F103C8Tx -DDEBUG -c -I../Inc -O0 -ffunction-sections -fdata-sections -Wall -fstack-usage -MMD -MP -MF"Src/main.d" -MT"Src/main.o" --specs=nano.specs -mfloat-abi=soft -mthumb -o "Src/main.o"
arm-none-eabi-gcc "../Src/syscalls.c" -mcpu=cortex-m3 -std=gnu11 -g3 -DSTM32 -DSTM32F1 -DSTM32F103C8Tx -DDEBUG -c -I../Inc -O0 -ffunction-sections -fdata-sections -Wall -fstack-usage -MMD -MP -MF"Src/syscalls.d" -MT"Src/syscalls.o" --specs=nano.specs -mfloat-abi=soft -mthumb -o "Src/syscalls.o"
arm-none-eabi-gcc "../Src/sysmem.c" -mcpu=cortex-m3 -std=gnu11 -g3 -DSTM32 -DSTM32F1 -DSTM32F103C8Tx -DDEBUG -c -I../Inc -O0 -ffunction-sections -fdata-sections -Wall -fstack-usage -MMD -MP -MF"Src/sysmem.d" -MT"Src/sysmem.o" --specs=nano.specs -mfloat-abi=soft -mthumb -o "Src/sysmem.o"
arm-none-eabi-gcc -o "bit_banding.elf" @"objects.list"   -mcpu=cortex-m3 -T"D:\GitHub\Embeded-C\target\bit_banding\STM32F103C8TX_FLASH.ld" --specs=nosys.specs -Wl,-Map="bit_banding.map" -Wl,--gc-sections -static --specs=nano.specs -mfloat-abi=soft -mthumb -Wl,--start-group -lc -lm -Wl,--end-group
Finished building target: bit_banding.elf
 
arm-none-eabi-size   bit_banding.elf 
arm-none-eabi-objdump -h -S  bit_banding.elf  > "bit_banding.list"
   text	   data	    bss	    dec	    hex	filename
    604	      8	   1568	   2180	    884	bit_banding.elf
Finished building: default.size.stdout
 
arm-none-eabi-objcopy  -O binary  bit_banding.elf  "bit_banding.bin"
Finished building: bit_banding.list
 
Finished building: bit_banding.bin
 

16:53:12 Build Finished. 0 errors, 0 warnings. (took 6s.784ms)

