22:35:10 **** Incremental Build of configuration Debug for project BluePill_LEDBlincPointer ****
make -j2 all 
arm-none-eabi-gcc "../Src/main.c" -mcpu=cortex-m3 -std=gnu11 -g3 -DSTM32F103T8Ux -DSTM32 -DSTM32F1 -DDEBUG -c -I../Inc -O0 -ffunction-sections -fdata-sections -Wall -fstack-usage -MMD -MP -MF"Src/main.d" -MT"Src/main.o" --specs=nano.specs -mfloat-abi=soft -mthumb -o "Src/main.o"
arm-none-eabi-gcc -o "BluePill_LEDBlincPointer.elf" @"objects.list"   -mcpu=cortex-m3 -T"D:\GitHub\Embeded-C\target\BluePill_LEDBlincPointer\STM32F103T8UX_FLASH.ld" --specs=nosys.specs -Wl,-Map="BluePill_LEDBlincPointer.map" -Wl,--gc-sections -static --specs=nano.specs -mfloat-abi=soft -mthumb -Wl,--start-group -lc -lm -Wl,--end-group
Finished building target: BluePill_LEDBlincPointer.elf
 
arm-none-eabi-objdump -h -S  BluePill_LEDBlincPointer.elf  > "BluePill_LEDBlincPointer.list"
arm-none-eabi-objcopy  -O binary  BluePill_LEDBlincPointer.elf  "BluePill_LEDBlincPointer.bin"
Finished building: BluePill_LEDBlincPointer.bin
 
arm-none-eabi-size   BluePill_LEDBlincPointer.elf 
Finished building: BluePill_LEDBlincPointer.list
   text	   data	    bss	    dec	    hex	filename
   3688	    108	   1580	   5376	   1500	BluePill_LEDBlincPointer.elf
 
Finished building: default.size.stdout
 

22:35:11 Build Finished. 0 errors, 0 warnings. (took 1s.778ms)

