21:59:18 **** Incremental Build of configuration Debug for project BluePill_AllON ****
make -j2 all 
arm-none-eabi-gcc "../Src/main.c" -mcpu=cortex-m3 -std=gnu11 -g3 -DSTM32 -DSTM32F1 -DSTM32F103C8Tx -DDEBUG -c -I../Inc -O0 -ffunction-sections -fdata-sections -Wall -fstack-usage -MMD -MP -MF"Src/main.d" -MT"Src/main.o" --specs=nano.specs -mfloat-abi=soft -mthumb -o "Src/main.o"
arm-none-eabi-gcc -o "BluePill_AllON.elf" @"objects.list"   -mcpu=cortex-m3 -T"D:\GitHub\Embeded-C\target\BluePill_AllON\STM32F103C8TX_FLASH.ld" --specs=nosys.specs -Wl,-Map="BluePill_AllON.map" -Wl,--gc-sections -static -specs=rdimon.specs -lc -lrdimon --specs=nano.specs -mfloat-abi=soft -mthumb -Wl,--start-group -lc -lm -Wl,--end-group
Finished building target: BluePill_AllON.elf
 
arm-none-eabi-objdump -h -S  BluePill_AllON.elf  > "BluePill_AllON.list"
arm-none-eabi-objcopy  -O binary  BluePill_AllON.elf  "BluePill_AllON.bin"
Finished building: BluePill_AllON.list
Finished building: BluePill_AllON.bin
 
arm-none-eabi-size   BluePill_AllON.elf 
 
   text	   data	    bss	    dec	    hex	filename
   4468	    116	   1756	   6340	   18c4	BluePill_AllON.elf
Finished building: default.size.stdout
 

21:59:20 Build Finished. 0 errors, 0 warnings. (took 2s.560ms)

