22:23:09 **** Build of configuration Debug for project Keypad4x4verUdemy ****
make -j2 all 
arm-none-eabi-size   Keypad4x4verUdemy.elf 
arm-none-eabi-objdump -h -S  Keypad4x4verUdemy.elf  > "Keypad4x4verUdemy.list"
   text	   data	    bss	    dec	    hex	filename
   3912	    108	   1580	   5600	   15e0	Keypad4x4verUdemy.elf
Finished building: default.size.stdout
 
arm-none-eabi-objcopy  -O binary  Keypad4x4verUdemy.elf  "Keypad4x4verUdemy.bin"
Finished building: Keypad4x4verUdemy.list
 
Finished building: Keypad4x4verUdemy.bin
 
22:23:40 **** Incremental Build of configuration Debug for project Keypad4x4verUdemy ****
make -j2 all 
arm-none-eabi-size   Keypad4x4verUdemy.elf 
   text	   data	    bss	    dec	    hex	filename
   3912	    108	   1580	   5600	   15e0	Keypad4x4verUdemy.elf
Finished building: default.size.stdout
 
