23:19:37 **** Incremental Build of configuration Debug for project NucleoF446re_PinRead ****
make -j2 all 
arm-none-eabi-gcc "../Src/main.c" -mcpu=cortex-m4 -std=gnu11 -g3 -DSTM32 -DSTM32F4 -DSTM32F446RETx -DDEBUG -DNUCLEO_F446RE -c -I../Inc -O0 -ffunction-sections -fdata-sections -Wall -fstack-usage -MMD -MP -MF"Src/main.d" -MT"Src/main.o" --specs=nano.specs -mfpu=fpv4-sp-d16 -mfloat-abi=hard -mthumb -o "Src/main.o"
../Src/main.c:21:4: warning: #warning "FPU is not initialized, but the project is compiling for an FPU. Please initialize the FPU before use." [-Wcpp]
   #warning "FPU is not initialized, but the project is compiling for an FPU. Please initialize the FPU before use."
    ^~~~~~~
../Src/main.c: In function 'main':
../Src/main.c:59:3: warning: this 'for' clause does not guard... [-Wmisleading-indentation]
   for(uint32_t i=0; i<500000; i++);
   ^~~
../Src/main.c:61:6: note: ...this statement, but the latter is misleadingly indented as if it were guarded by the 'for'
      *pPortAOutReg &=~(1<<5);
      ^
../Src/main.c:85:3: warning: "/*" within comment [-Wcomment]
  //*pPortAOutReg |=(1<<5);//*pPortAOutReg |=0x00000020;
    
../Src/main.c:85:28: warning: "/*" within comment [-Wcomment]
../Src/main.c:53:11: warning: unused variable 'pinStatus' [-Wunused-variable]
  uint32_t pinStatus=*pPortCInReg;
           ^~~~~~~~~
arm-none-eabi-gcc -o "NucleoF446re_PinRead.elf" @"objects.list"   -mcpu=cortex-m4 -T"D:\GitHub\Embeded-C\target\NucleoF446re_PinRead\STM32F446RETX_FLASH.ld" --specs=nosys.specs -Wl,-Map="NucleoF446re_PinRead.map" -Wl,--gc-sections -static --specs=nano.specs -mfpu=fpv4-sp-d16 -mfloat-abi=hard -mthumb -Wl,--start-group -lc -lm -Wl,--end-group
Finished building target: NucleoF446re_PinRead.elf
 
arm-none-eabi-objdump -h -S  NucleoF446re_PinRead.elf  > "NucleoF446re_PinRead.list"
arm-none-eabi-objcopy  -O binary  NucleoF446re_PinRead.elf  "NucleoF446re_PinRead.bin"
Finished building: NucleoF446re_PinRead.bin
Finished building: NucleoF446re_PinRead.list
 
arm-none-eabi-size   NucleoF446re_PinRead.elf 
 
   text	   data	    bss	    dec	    hex	filename
    880	      8	   1568	   2456	    998	NucleoF446re_PinRead.elf
Finished building: default.size.stdout
 

23:19:38 Build Finished. 0 errors, 5 warnings. (took 1s.744ms)

