23:39:32 **** Build of configuration Debug for project NucleoF446RE_ButRead ****
make -j2 all 
arm-none-eabi-gcc "../Src/main.c" -mcpu=cortex-m4 -std=gnu11 -g3 -DSTM32 -DSTM32F4 -DSTM32F446RETx -DDEBUG -c -I../Inc -O0 -ffunction-sections -fdata-sections -Wall -fstack-usage -MMD -MP -MF"Src/main.d" -MT"Src/main.o" --specs=nano.specs -mfpu=fpv4-sp-d16 -mfloat-abi=hard -mthumb -o "Src/main.o"
../Src/main.c:21:4: warning: #warning "FPU is not initialized, but the project is compiling for an FPU. Please initialize the FPU before use." [-Wcpp]
   #warning "FPU is not initialized, but the project is compiling for an FPU. Please initialize the FPU before use."
    ^~~~~~~
arm-none-eabi-gcc -o "NucleoF446RE_ButRead.elf" @"objects.list"   -mcpu=cortex-m4 -T"D:\GitHub\Embeded-C\target\NucleoF446RE_ButRead\STM32F446RETX_FLASH.ld" --specs=nosys.specs -Wl,-Map="NucleoF446RE_ButRead.map" -Wl,--gc-sections -static --specs=nano.specs -mfpu=fpv4-sp-d16 -mfloat-abi=hard -mthumb -Wl,--start-group -lc -lm -Wl,--end-group
Finished building target: NucleoF446RE_ButRead.elf
 
arm-none-eabi-objdump -h -S  NucleoF446RE_ButRead.elf  > "NucleoF446RE_ButRead.list"
arm-none-eabi-objcopy  -O binary  NucleoF446RE_ButRead.elf  "NucleoF446RE_ButRead.bin"
Finished building: NucleoF446RE_ButRead.bin
 
arm-none-eabi-size   NucleoF446RE_ButRead.elf 
   text	   data	    bss	    dec	    hex	filename
    852	      8	   1568	   2428	    97c	NucleoF446RE_ButRead.elf
Finished building: default.size.stdout
 
Finished building: NucleoF446RE_ButRead.list
 

23:39:38 Build Finished. 0 errors, 1 warnings. (took 5s.732ms)

