22:27:58 **** Build of configuration Debug for project NucleoF446re_PinRead ****
make -j2 all 
arm-none-eabi-gcc -mcpu=cortex-m4 -g3 -c -x assembler-with-cpp -MMD -MP -MF"Startup/startup_stm32f446retx.d" -MT"Startup/startup_stm32f446retx.o" --specs=nano.specs -mfpu=fpv4-sp-d16 -mfloat-abi=hard -mthumb -o "Startup/startup_stm32f446retx.o" "../Startup/startup_stm32f446retx.s"
arm-none-eabi-gcc "../Src/main.c" -mcpu=cortex-m4 -std=gnu11 -g3 -DSTM32 -DSTM32F4 -DSTM32F446RETx -DDEBUG -DNUCLEO_F446RE -c -I../Inc -O0 -ffunction-sections -fdata-sections -Wall -fstack-usage -MMD -MP -MF"Src/main.d" -MT"Src/main.o" --specs=nano.specs -mfpu=fpv4-sp-d16 -mfloat-abi=hard -mthumb -o "Src/main.o"
../Src/main.c:21:4: warning: #warning "FPU is not initialized, but the project is compiling for an FPU. Please initialize the FPU before use." [-Wcpp]
   #warning "FPU is not initialized, but the project is compiling for an FPU. Please initialize the FPU before use."
    ^~~~~~~
arm-none-eabi-gcc "../Src/syscalls.c" -mcpu=cortex-m4 -std=gnu11 -g3 -DSTM32 -DSTM32F4 -DSTM32F446RETx -DDEBUG -DNUCLEO_F446RE -c -I../Inc -O0 -ffunction-sections -fdata-sections -Wall -fstack-usage -MMD -MP -MF"Src/syscalls.d" -MT"Src/syscalls.o" --specs=nano.specs -mfpu=fpv4-sp-d16 -mfloat-abi=hard -mthumb -o "Src/syscalls.o"
arm-none-eabi-gcc "../Src/sysmem.c" -mcpu=cortex-m4 -std=gnu11 -g3 -DSTM32 -DSTM32F4 -DSTM32F446RETx -DDEBUG -DNUCLEO_F446RE -c -I../Inc -O0 -ffunction-sections -fdata-sections -Wall -fstack-usage -MMD -MP -MF"Src/sysmem.d" -MT"Src/sysmem.o" --specs=nano.specs -mfpu=fpv4-sp-d16 -mfloat-abi=hard -mthumb -o "Src/sysmem.o"
arm-none-eabi-gcc -o "NucleoF446re_PinRead.elf" @"objects.list"   -mcpu=cortex-m4 -T"D:\GitHub\Embeded-C\target\NucleoF446re_PinRead\STM32F446RETX_FLASH.ld" --specs=nosys.specs -Wl,-Map="NucleoF446re_PinRead.map" -Wl,--gc-sections -static --specs=nano.specs -mfpu=fpv4-sp-d16 -mfloat-abi=hard -mthumb -Wl,--start-group -lc -lm -Wl,--end-group
Finished building target: NucleoF446re_PinRead.elf
 
arm-none-eabi-size   NucleoF446re_PinRead.elf 
arm-none-eabi-objdump -h -S  NucleoF446re_PinRead.elf  > "NucleoF446re_PinRead.list"
   text	   data	    bss	    dec	    hex	filename
    776	      8	   1568	   2352	    930	NucleoF446re_PinRead.elf
Finished building: default.size.stdout
 
arm-none-eabi-objcopy  -O binary  NucleoF446re_PinRead.elf  "NucleoF446re_PinRead.bin"
Finished building: NucleoF446re_PinRead.list
 
Finished building: NucleoF446re_PinRead.bin
 
22:53:39 **** Incremental Build of configuration Debug for project NucleoF446re_LED_ON ****
make -j2 all 
arm-none-eabi-gcc -mcpu=cortex-m4 -g3 -c -x assembler-with-cpp -MMD -MP -MF"Startup/startup_stm32f446retx.d" -MT"Startup/startup_stm32f446retx.o" --specs=nano.specs -mfpu=fpv4-sp-d16 -mfloat-abi=hard -mthumb -o "Startup/startup_stm32f446retx.o" "../Startup/startup_stm32f446retx.s"
arm-none-eabi-gcc "../Src/main.c" -mcpu=cortex-m4 -std=gnu11 -g3 -DSTM32 -DSTM32F4 -DSTM32F446RETx -DDEBUG -c -I../Inc -O0 -ffunction-sections -fdata-sections -Wall -fstack-usage -MMD -MP -MF"Src/main.d" -MT"Src/main.o" --specs=nano.specs -mfpu=fpv4-sp-d16 -mfloat-abi=hard -mthumb -o "Src/main.o"
../Src/main.c:21:4: warning: #warning "FPU is not initialized, but the project is compiling for an FPU. Please initialize the FPU before use." [-Wcpp]
   #warning "FPU is not initialized, but the project is compiling for an FPU. Please initialize the FPU before use."
    ^~~~~~~
arm-none-eabi-gcc "../Src/syscalls.c" -mcpu=cortex-m4 -std=gnu11 -g3 -DSTM32 -DSTM32F4 -DSTM32F446RETx -DDEBUG -c -I../Inc -O0 -ffunction-sections -fdata-sections -Wall -fstack-usage -MMD -MP -MF"Src/syscalls.d" -MT"Src/syscalls.o" --specs=nano.specs -mfpu=fpv4-sp-d16 -mfloat-abi=hard -mthumb -o "Src/syscalls.o"
arm-none-eabi-gcc "../Src/sysmem.c" -mcpu=cortex-m4 -std=gnu11 -g3 -DSTM32 -DSTM32F4 -DSTM32F446RETx -DDEBUG -c -I../Inc -O0 -ffunction-sections -fdata-sections -Wall -fstack-usage -MMD -MP -MF"Src/sysmem.d" -MT"Src/sysmem.o" --specs=nano.specs -mfpu=fpv4-sp-d16 -mfloat-abi=hard -mthumb -o "Src/sysmem.o"
arm-none-eabi-gcc -o "NucleoF446re_LED_ON.elf" @"objects.list"   -mcpu=cortex-m4 -T"D:\GitHub\Embeded-C\target\NucleoF446re_LED_ON\STM32F446RETX_FLASH.ld" --specs=nosys.specs -Wl,-Map="NucleoF446re_LED_ON.map" -Wl,--gc-sections -static --specs=nano.specs -mfpu=fpv4-sp-d16 -mfloat-abi=hard -mthumb -Wl,--start-group -lc -lm -Wl,--end-group
Finished building target: NucleoF446re_LED_ON.elf
 
arm-none-eabi-objdump -h -S  NucleoF446re_LED_ON.elf  > "NucleoF446re_LED_ON.list"
arm-none-eabi-objcopy  -O binary  NucleoF446re_LED_ON.elf  "NucleoF446re_LED_ON.bin"
Finished building: NucleoF446re_LED_ON.list
Finished building: NucleoF446re_LED_ON.bin
 
arm-none-eabi-size   NucleoF446re_LED_ON.elf 
 
   text	   data	    bss	    dec	    hex	filename
    776	      8	   1568	   2352	    930	NucleoF446re_LED_ON.elf
Finished building: default.size.stdout
 
22:53:46 **** Clean-only build of configuration Debug for project NucleoF446re_PinRead ****
make -j2 clean 
rm -rf *
 
22:53:47 **** Incremental Build of configuration Debug for project NucleoF446re_PinRead ****
make -j2 all 
arm-none-eabi-gcc -mcpu=cortex-m4 -g3 -c -x assembler-with-cpp -MMD -MP -MF"Startup/startup_stm32f446retx.d" -MT"Startup/startup_stm32f446retx.o" --specs=nano.specs -mfpu=fpv4-sp-d16 -mfloat-abi=hard -mthumb -o "Startup/startup_stm32f446retx.o" "../Startup/startup_stm32f446retx.s"
arm-none-eabi-gcc "../Src/main.c" -mcpu=cortex-m4 -std=gnu11 -g3 -DSTM32 -DSTM32F4 -DSTM32F446RETx -DDEBUG -DNUCLEO_F446RE -c -I../Inc -O0 -ffunction-sections -fdata-sections -Wall -fstack-usage -MMD -MP -MF"Src/main.d" -MT"Src/main.o" --specs=nano.specs -mfpu=fpv4-sp-d16 -mfloat-abi=hard -mthumb -o "Src/main.o"
../Src/main.c:21:4: warning: #warning "FPU is not initialized, but the project is compiling for an FPU. Please initialize the FPU before use." [-Wcpp]
   #warning "FPU is not initialized, but the project is compiling for an FPU. Please initialize the FPU before use."
    ^~~~~~~
../Src/main.c: In function 'main':
../Src/main.c:34:12: warning: unused variable 'pPortCModeReg' [-Wunused-variable]
  uint32_t *pPortCModeReg=(uint32_t*)0x40020000;
            ^~~~~~~~~~~~~
arm-none-eabi-gcc "../Src/syscalls.c" -mcpu=cortex-m4 -std=gnu11 -g3 -DSTM32 -DSTM32F4 -DSTM32F446RETx -DDEBUG -DNUCLEO_F446RE -c -I../Inc -O0 -ffunction-sections -fdata-sections -Wall -fstack-usage -MMD -MP -MF"Src/syscalls.d" -MT"Src/syscalls.o" --specs=nano.specs -mfpu=fpv4-sp-d16 -mfloat-abi=hard -mthumb -o "Src/syscalls.o"
arm-none-eabi-gcc "../Src/sysmem.c" -mcpu=cortex-m4 -std=gnu11 -g3 -DSTM32 -DSTM32F4 -DSTM32F446RETx -DDEBUG -DNUCLEO_F446RE -c -I../Inc -O0 -ffunction-sections -fdata-sections -Wall -fstack-usage -MMD -MP -MF"Src/sysmem.d" -MT"Src/sysmem.o" --specs=nano.specs -mfpu=fpv4-sp-d16 -mfloat-abi=hard -mthumb -o "Src/sysmem.o"
arm-none-eabi-gcc -o "NucleoF446re_PinRead.elf" @"objects.list"   -mcpu=cortex-m4 -T"D:\GitHub\Embeded-C\target\NucleoF446re_PinRead\STM32F446RETX_FLASH.ld" --specs=nosys.specs -Wl,-Map="NucleoF446re_PinRead.map" -Wl,--gc-sections -static --specs=nano.specs -mfpu=fpv4-sp-d16 -mfloat-abi=hard -mthumb -Wl,--start-group -lc -lm -Wl,--end-group
Finished building target: NucleoF446re_PinRead.elf
 
arm-none-eabi-size   NucleoF446re_PinRead.elf 
arm-none-eabi-objdump -h -S  NucleoF446re_PinRead.elf  > "NucleoF446re_PinRead.list"
   text	   data	    bss	    dec	    hex	filename
    792	      8	   1568	   2368	    940	NucleoF446re_PinRead.elf
Finished building: default.size.stdout
 
arm-none-eabi-objcopy  -O binary  NucleoF446re_PinRead.elf  "NucleoF446re_PinRead.bin"
Finished building: NucleoF446re_PinRead.list
 
Finished building: NucleoF446re_PinRead.bin
 
22:58:22 **** Incremental Build of configuration Debug for project NucleoF446re_LED_ON ****
make -j2 all 
arm-none-eabi-size   NucleoF446re_LED_ON.elf 
   text	   data	    bss	    dec	    hex	filename
    776	      8	   1568	   2352	    930	NucleoF446re_LED_ON.elf
Finished building: default.size.stdout
 
22:58:23 **** Incremental Build of configuration Debug for project NucleoF446re_PinRead ****
make -j2 all 
arm-none-eabi-gcc "../Src/main.c" -mcpu=cortex-m4 -std=gnu11 -g3 -DSTM32 -DSTM32F4 -DSTM32F446RETx -DDEBUG -DNUCLEO_F446RE -c -I../Inc -O0 -ffunction-sections -fdata-sections -Wall -fstack-usage -MMD -MP -MF"Src/main.d" -MT"Src/main.o" --specs=nano.specs -mfpu=fpv4-sp-d16 -mfloat-abi=hard -mthumb -o "Src/main.o"
../Src/main.c:21:4: warning: #warning "FPU is not initialized, but the project is compiling for an FPU. Please initialize the FPU before use." [-Wcpp]
   #warning "FPU is not initialized, but the project is compiling for an FPU. Please initialize the FPU before use."
    ^~~~~~~
../Src/main.c: In function 'main':
../Src/main.c:34:12: warning: unused variable 'pPortCModeReg' [-Wunused-variable]
  uint32_t *pPortCModeReg=(uint32_t*)0x40020800; //0x4002 0800 - 0x4002 0BFF  //GPIOC base adres
            ^~~~~~~~~~~~~
arm-none-eabi-gcc -o "NucleoF446re_PinRead.elf" @"objects.list"   -mcpu=cortex-m4 -T"D:\GitHub\Embeded-C\target\NucleoF446re_PinRead\STM32F446RETX_FLASH.ld" --specs=nosys.specs -Wl,-Map="NucleoF446re_PinRead.map" -Wl,--gc-sections -static --specs=nano.specs -mfpu=fpv4-sp-d16 -mfloat-abi=hard -mthumb -Wl,--start-group -lc -lm -Wl,--end-group
Finished building target: NucleoF446re_PinRead.elf
 
arm-none-eabi-objdump -h -S  NucleoF446re_PinRead.elf  > "NucleoF446re_PinRead.list"
arm-none-eabi-objcopy  -O binary  NucleoF446re_PinRead.elf  "NucleoF446re_PinRead.bin"
Finished building: NucleoF446re_PinRead.list
 
arm-none-eabi-size   NucleoF446re_PinRead.elf 
Finished building: NucleoF446re_PinRead.bin
   text	   data	    bss	    dec	    hex	filename
    796	      8	   1568	   2372	    944	NucleoF446re_PinRead.elf
 
Finished building: default.size.stdout
 
23:06:42 **** Incremental Build of configuration Debug for project NucleoF446re_LED_ON ****
make -j2 all 
arm-none-eabi-size   NucleoF446re_LED_ON.elf 
   text	   data	    bss	    dec	    hex	filename
    776	      8	   1568	   2352	    930	NucleoF446re_LED_ON.elf
Finished building: default.size.stdout
 
23:06:42 **** Incremental Build of configuration Debug for project NucleoF446re_PinRead ****
make -j2 all 
arm-none-eabi-gcc "../Src/main.c" -mcpu=cortex-m4 -std=gnu11 -g3 -DSTM32 -DSTM32F4 -DSTM32F446RETx -DDEBUG -DNUCLEO_F446RE -c -I../Inc -O0 -ffunction-sections -fdata-sections -Wall -fstack-usage -MMD -MP -MF"Src/main.d" -MT"Src/main.o" --specs=nano.specs -mfpu=fpv4-sp-d16 -mfloat-abi=hard -mthumb -o "Src/main.o"
../Src/main.c:21:4: warning: #warning "FPU is not initialized, but the project is compiling for an FPU. Please initialize the FPU before use." [-Wcpp]
   #warning "FPU is not initialized, but the project is compiling for an FPU. Please initialize the FPU before use."
    ^~~~~~~
../Src/main.c: In function 'main':
../Src/main.c:55:2: error: invalid operands to binary * (have 'uint32_t {aka long unsigned int}' and 'uint32_t * {aka long unsigned int *}')
../Src/main.c:52:20:
  uint8_t pinStatus=*pPortCInReg
                    ~~~~~~~~~~~~
../Src/main.c:55:2:
  *pPortAOutReg |=(1<<5);//*pPortAOutReg |=0x00000020;
  ^
../Src/main.c:52:10: warning: unused variable 'pinStatus' [-Wunused-variable]
  uint8_t pinStatus=*pPortCInReg
          ^~~~~~~~~
make: *** [Src/subdir.mk:24: Src/main.o] Error 1
"make -j2 all" terminated with exit code 2. Build might be incomplete.
